#-----------------------------------------------------------
# Vivado v2017.4 (64-bit)
# SW Build 2086221 on Fri Dec 15 20:55:39 MST 2017
# IP Build 2085800 on Fri Dec 15 22:25:07 MST 2017
# Start of session at: Wed Jun 13 09:21:39 2018
# Process ID: 9276
# Current directory: C:/Users/Jonas/Documents/GitHub/LC3_Computer/LC3/LC3_Projekt
# Command line: vivado.exe -gui_launcher_event rodinguilauncherevent13032 C:\Users\Jonas\Documents\GitHub\LC3_Computer\LC3\LC3_Projekt\LC3_Projekt.xpr
# Log file: C:/Users/Jonas/Documents/GitHub/LC3_Computer/LC3/LC3_Projekt/vivado.log
# Journal file: C:/Users/Jonas/Documents/GitHub/LC3_Computer/LC3/LC3_Projekt\vivado.jou
#-----------------------------------------------------------
start_gui
open_project C:/Users/Jonas/Documents/GitHub/LC3_Computer/LC3/LC3_Projekt/LC3_Projekt.xpr
update_compile_order -fileset sources_1
add_files -norecurse {C:/Users/Jonas/Desktop/SPI_Data_Register.vhd C:/Users/Jonas/Desktop/SPI_Wrapper.vhd C:/Users/Jonas/Desktop/SPI_Data_Logic.vhd C:/Users/Jonas/Desktop/SPI.vhd}
update_compile_order -fileset sources_1
export_ip_user_files -of_objects  [get_files C:/Users/Jonas/Desktop/SPI_Wrapper.vhd] -no_script -reset -force -quiet
remove_files  C:/Users/Jonas/Desktop/SPI_Wrapper.vhd
export_ip_user_files -of_objects  [get_files C:/Users/Jonas/Desktop/SPI.vhd] -no_script -reset -force -quiet
remove_files  C:/Users/Jonas/Desktop/SPI.vhd
export_ip_user_files -of_objects  [get_files C:/Users/Jonas/Desktop/SPI_Data_Logic.vhd] -no_script -reset -force -quiet
remove_files  C:/Users/Jonas/Desktop/SPI_Data_Logic.vhd
export_ip_user_files -of_objects  [get_files C:/Users/Jonas/Desktop/SPI_Data_Register.vhd] -no_script -reset -force -quiet
remove_files  C:/Users/Jonas/Desktop/SPI_Data_Register.vhd
add_files -norecurse {C:/Users/Jonas/Documents/GitHub/LC3_Computer/LC3/LC3_Projekt/LC3_Projekt.srcs/sources_1/new/SPI.vhd C:/Users/Jonas/Documents/GitHub/LC3_Computer/LC3/LC3_Projekt/LC3_Projekt.srcs/sources_1/new/SPI_Data_Register.vhd C:/Users/Jonas/Documents/GitHub/LC3_Computer/LC3/LC3_Projekt/LC3_Projekt.srcs/sources_1/new/SPI_Data_Logic.vhd C:/Users/Jonas/Documents/GitHub/LC3_Computer/LC3/LC3_Projekt/LC3_Projekt.srcs/sources_1/new/SPI_Wrapper.vhd}
update_compile_order -fileset sources_1
