#-----------------------------------------------------------
# Vivado v2017.4 (64-bit)
# SW Build 2086221 on Fri Dec 15 20:55:39 MST 2017
# IP Build 2085800 on Fri Dec 15 22:25:07 MST 2017
# Start of session at: Thu Jun  7 16:15:38 2018
# Process ID: 11432
# Current directory: C:/Users/Jonas/Documents/GitHub/LC3_Computer/LC3/LC3_Projekt
# Command line: vivado.exe -gui_launcher_event rodinguilauncherevent10472 C:\Users\Jonas\Documents\GitHub\LC3_Computer\LC3\LC3_Projekt\LC3_Projekt.xpr
# Log file: C:/Users/Jonas/Documents/GitHub/LC3_Computer/LC3/LC3_Projekt/vivado.log
# Journal file: C:/Users/Jonas/Documents/GitHub/LC3_Computer/LC3/LC3_Projekt\vivado.jou
#-----------------------------------------------------------
start_gui
open_project C:/Users/Jonas/Documents/GitHub/LC3_Computer/LC3/LC3_Projekt/LC3_Projekt.xpr
reset_run synth_1
launch_runs synth_1 -jobs 4
wait_on_run synth_1
reset_run synth_1
launch_runs synth_1 -jobs 4
wait_on_run synth_1
reset_run synth_1
launch_runs synth_1 -jobs 4
wait_on_run synth_1
reset_run synth_1
launch_runs synth_1 -jobs 4
wait_on_run synth_1
reset_run synth_1
launch_runs synth_1 -jobs 4
wait_on_run synth_1
