#-----------------------------------------------------------
# Vivado v2017.4 (64-bit)
# SW Build 2086221 on Fri Dec 15 20:55:39 MST 2017
# IP Build 2085800 on Fri Dec 15 22:25:07 MST 2017
# Start of session at: Mon Jun 11 09:14:10 2018
# Process ID: 12392
# Current directory: C:/Users/Jonas/Documents/GitHub/LC3_Computer/LC3/LC3_Projekt
# Command line: vivado.exe -gui_launcher_event rodinguilauncherevent16228 C:\Users\Jonas\Documents\GitHub\LC3_Computer\LC3\LC3_Projekt\LC3_Projekt.xpr
# Log file: C:/Users/Jonas/Documents/GitHub/LC3_Computer/LC3/LC3_Projekt/vivado.log
# Journal file: C:/Users/Jonas/Documents/GitHub/LC3_Computer/LC3/LC3_Projekt\vivado.jou
#-----------------------------------------------------------
start_gui
open_project C:/Users/Jonas/Documents/GitHub/LC3_Computer/LC3/LC3_Projekt/LC3_Projekt.xpr
close [ open C:/Users/Jonas/Documents/GitHub/LC3_Computer/LC3/LC3_Projekt/LC3_Projekt.srcs/sources_1/new/UART.vhd w ]
add_files C:/Users/Jonas/Documents/GitHub/LC3_Computer/LC3/LC3_Projekt/LC3_Projekt.srcs/sources_1/new/UART.vhd
add_files -norecurse C:/Users/Jonas/Desktop/mod_m_counter.vhd
update_files -from_files C:/Users/Jonas/Documents/GitHub/LC3_Computer/LC3/LC3_Projekt/LC3_Projekt.srcs/sources_1/new/mod_m_counter.vhd -to_files C:/Users/Jonas/Desktop/mod_m_counter.vhd -filesets [get_filesets *]
add_files -norecurse {C:/Users/Jonas/Documents/GitHub/LC3_Computer/LC3/LC3_Projekt/LC3_Projekt.srcs/sources_1/new/fifo.vhd C:/Users/Jonas/Documents/GitHub/LC3_Computer/LC3/LC3_Projekt/LC3_Projekt.srcs/sources_1/new/uart_rx.vhd C:/Users/Jonas/Documents/GitHub/LC3_Computer/LC3/LC3_Projekt/LC3_Projekt.srcs/sources_1/new/uart_tx.vhd}
